1
E15: Invalid expression: "1 +"
0
E15: Invalid expression: "| echo 'a' | else | echo 'b' | endif"
E15: Invalid expression: "1 +"
x1
E15: Invalid expression: "i < 2 && 1 +"
0
E697: Missing end of List ']': 
x2
caught Vim(throw):E15: Invalid expression: "1 +"
E15: Invalid expression: "1 +"
E488: Trailing characters: 2
E697: Missing end of List ']': 
7
x
E121: Undefined variable: nosuch
E684: List index out of range: 5
E730: Using a List as a String
E116: Invalid arguments for function Foo
E116: Invalid arguments for function len
E116: Invalid arguments for function len
E119: Not enough arguments for function: add
E119: Not enough arguments for function: add
E116: Invalid arguments for function assert_equal
[]
end