0
undefined       = 0
defined         = 1
bare name       = 1
after unlet     = 0
builtin func    = 1
missing func    = 0
user func       = 1
user func g:    = 1
after delfunc   = 0
option short    = 1
option long     = 1
option missing  = 0
option +form    = 1
option garbage  = 0
env set         = 1
env unset       = 0
v: known        = 1
v: unknown      = 0
empty string    = 0
list item       = 1
list item last  = 1
list item oob   = 0
list item neg   = 1
dict key        = 1
dict key miss   = 0
dict subscript  = 1
dict nested     = 1
dict nested no  = 0
subscript on nr = 1
trailing junk   = 0
unknown base    = 0
errmsg untouched=[]
  a:a           = 1
  a:0           = 1
  a:1           = 1
  a:nosuch      = 0
  l:loc         = 1
  l:nosuch      = 0
  a:000[0]      = 1
  a:000[9]      = 0