0
nr += = 15  errmsg=[]
nr -= = 12  errmsg=[]
nr *= = 24  errmsg=[]
nr /= = 6  errmsg=[]
nr %= = 2  errmsg=[]
nr .= = '2z'  errmsg=[]
str .= = 'abcd'  errmsg=[]
str ..= = 'abcdef'  errmsg=[]
str += = 8  errmsg=[]
float += = 1.75  errmsg=[]
float -= nr = 0.75  errmsg=[]
float *= nr = 1.5  errmsg=[]
float /= = 0.375  errmsg=[]
nr += float = 2.5  errmsg=[]
list += = [1, 2, 3]  errmsg=[]
list += [] = [1, 2, 3]  errmsg=[]
blob += = 0z010203  errmsg=[]
dict member += = {'a': 3}  errmsg=[]
list index += = [11, 2]  errmsg=[]
nr /= 0 = 9223372036854775807  errmsg=[]
-nr /= 0 = -9223372036854775807  errmsg=[]
0 /= 0 = -9223372036854775808  errmsg=[]
nr %= 0 = 0  errmsg=[]
list *= list = [1]  errmsg=[E734: Wrong variable type for *=]
list += nr = [1]  errmsg=[E734: Wrong variable type for +=]
blob -= blob = 0z01  errmsg=[E734: Wrong variable type for -=]
blob += nr = 0z01  errmsg=[E734: Wrong variable type for +=]
bool += nr = v:true  errmsg=[E734: Wrong variable type for +=]
dict += list = {'a': 1}  errmsg=[E734: Wrong variable type for +=]
float %= nr = 1.5  errmsg=[E734: Wrong variable type for %=]
float .= str = 1.5  errmsg=[E734: Wrong variable type for .=]
str .= float = 'ab'  errmsg=[E734: Wrong variable type for .=]
nr %= float = 1  errmsg=[E734: Wrong variable type for %=]
nr += dict = 1  errmsg=[E734: Wrong variable type for +=]
nr += funcref = 1  errmsg=[E734: Wrong variable type for +=]
nr += list = 1  errmsg=[E734: Wrong variable type for +=]
undefined += = 0  errmsg=[E121: Undefined variable: g:nosuchvar_here]
@reg .= = 'regX'  errmsg=[]
@reg += = 'regX'  errmsg=[E734: Wrong variable type for +=]
$env .= = 'ef'  errmsg=[]
$env += = 'ef'  errmsg=[E734: Wrong variable type for +=]
&numopt += = 15  errmsg=[]
&numopt .= = 15  errmsg=[E734: Wrong variable type for .=]
&stropt .= = 'unix'  errmsg=[]
&stropt += = 'unix'  errmsg=[E734: Wrong variable type for +=]