1
'3' v:true v:false v:true
v:null 'x'
1.5
2.5 3 0.5 2 2.0
'3' '3'
E691: Can only compare List with List 0
E735: Can only compare Dictionary with Dictionary
0
0 0
E712: Argument of max() must be a List or Dictionary 0
E712: Argument of max() must be a List or Dictionary 0
E712: Argument of max() must be a List or Dictionary
0
1 -1
E694: Invalid operation for Funcrefs
0
E977: Can only compare Blob with Blob
0
2
v:none