0
Vim(call):E110: Missing ')'
Vim(call):E110: Missing ')'
Vim(call):E696: Missing comma in List: 
Vim(call):E696: Missing comma in List: 
Vim(call):E696: Missing comma in List: 2]
Vim(call):E720: Missing colon in Dictionary: 1}
Vim(call):E722: Missing comma in Dictionary: 
Vim(call):E720: Missing colon in Dictionary: 1}
Vim(call):E722: Missing comma in Dictionary: 
Vim(call):E451: Expected }: 
Vim(call):E15: Invalid expression: "]"
Vim(call):E15: Invalid expression: "}"
Vim(call):E15: Invalid expression: ")"
Vim(call):E15: Invalid expression: "1 +"
Vim(call):E15: Invalid expression: "1 ."
Vim(call):E15: Invalid expression: "1 ?"
Vim(call):E109: Missing ':' after '?'