1
heLLo
heLlo
hel!l!o
hel!l!o
hell10o
a['b', '', '', '', '', '', '', '', '', '']c
a2b4
abSc
heXXo
a0c
a[]c
a1:bc
a2:pc
apbc
azc
E118: Too many arguments for function: Z
a0c
E119: Not enough arguments for function: Two
a0c
aDc
a12c
a1.5c
av:truec
E730: Using a List as a String
ac
E731: Using a Dictionary as a String
ac
E729: Using a Funcref as a String
ac
ax\yc
a&c
done